Info: Starting: Create block symbol file (.bsf)
Info: qsys-generate C:\Users\ylbgu\Desktop\STA\FFT.qsys --block-symbol-file --output-directory=C:\Users\ylbgu\Desktop\STA\FFT --family="Cyclone V" --part=5CEBA4F23C7
Progress: Loading STA/FFT.qsys
Progress: Reading input file
Progress: Adding fft_0 [altera_fft_ii 17.0]
Progress: Parameterizing module fft_0
Progress: Building connections
Progress: Parameterizing connections
Progress: Validating
Progress: Done reading input file
Info: FFT.fft_0: Radix-2 digit reverse implied
Info: qsys-generate succeeded.
Info: Finished: Create block symbol file (.bsf)
Info: 
Info: Starting: Create HDL design files for synthesis
Info: qsys-generate C:\Users\ylbgu\Desktop\STA\FFT.qsys --synthesis=VHDL --output-directory=C:\Users\ylbgu\Desktop\STA\FFT\synthesis --family="Cyclone V" --part=5CEBA4F23C7
Progress: Loading STA/FFT.qsys
Progress: Reading input file
Progress: Adding fft_0 [altera_fft_ii 17.0]
Progress: Parameterizing module fft_0
Progress: Building connections
Progress: Parameterizing connections
Progress: Validating
Progress: Done reading input file
Info: FFT.fft_0: Radix-2 digit reverse implied
Info: FFT: Generating FFT "FFT" for QUARTUS_SYNTH
Info: fft_0: --- add file: FFT_fft_0_opt_twr1.hex
Info: fft_0: --- add file: FFT_fft_0_opt_twi2.hex
Info: fft_0: --- add file: FFT_fft_0_opt_twi3.hex
Info: fft_0: --- add file: FFT_fft_0_opt_twr2.hex
Info: fft_0: --- add file: FFT_fft_0_opt_twr3.hex
Info: fft_0: --- add file: FFT_fft_0_opt_twi4.hex
Info: fft_0: --- add file: FFT_fft_0_opt_twr4.hex
Info: fft_0: --- add file: FFT_fft_0_opt_twi5.hex
Info: fft_0: --- add file: FFT_fft_0_opt_twi6.hex
Info: fft_0: --- add file: FFT_fft_0_opt_twr5.hex
Info: fft_0: --- add file: FFT_fft_0_opt_twr6.hex
Info: fft_0: --- add file: FFT_fft_0_opt_twi1.hex
Info: fft_0: "FFT" instantiated altera_fft_ii "fft_0"
Info: FFT: Done "FFT" with 2 modules, 54 files
Info: qsys-generate succeeded.
Info: Finished: Create HDL design files for synthesis
